// Jest Snapshot v1, https://goo.gl/fbAQLP

exports[`Mainview renders correctly   1`] = `
<div
  className="Mainview"
>
  <div
    className="PageNavbar"
  >
    <nav
      className="navbar navbar-expand-lg navbar-light bg-light"
    >
      <span
        className="navbar-brand center"
      >
        CIS557
      </span>
      <div
        className="collapse navbar-collapse"
        id="navbarNavAltMarkup"
      >
        <div
          className="navbar-nav"
        />
      </div>
    </nav>
  </div>
  <br />
  <div
    className="container"
  >
    <div
      className="jumbotron"
    >
      <button
        className="user1"
        onClick={[Function]}
      >
        Logout
      </button>
      <div
        className="h5"
      >
        My Contacts
        <button
          className="btn"
          id="removeselectbtn"
          onClick={[Function]}
        >
          Select
        </button>
        <button
          className="btn"
          id="removebtn"
          onClick={[Function]}
        >
          Remove
        </button>
         
      </div>
    </div>
    <br />
    <div
      className="jumbotron"
    >
      <div
        className="h5"
      >
        All Contacts
        <button
          className="btn"
          id="addselectbtn"
          onClick={[Function]}
        >
          Select
        </button>
        <button
          className="btn"
          id="addbtn"
          onClick={[Function]}
        >
          Add
        </button>
         
      </div>
      <div>
        <input
          className="inpt"
          id="sc"
          onChange={[Function]}
          placeholder="Search Contacts"
          type="text"
        />
      </div>
    </div>
    <div
      className="jumbotron"
    >
      <div
        className="h5"
      >
        Recommended Contacts
        <button
          className="btn"
          id="addRecselectbtn"
          onClick={[Function]}
        >
          Select
        </button>
        <button
          className="btn"
          id="addRecbtn"
          onClick={[Function]}
        >
          Add
        </button>
         
      </div>
    </div>
  </div>
</div>
`;
