// Jest Snapshot v1, https://goo.gl/fbAQLP

exports[`Room snapshot    1`] = `
<div
  className="room"
>
  <h2>
    Room: 
  </h2>
  <button>
    End call
  </button>
   
  <br />
   
  <br />
  <div
    style={
      Object {
        "color": "white",
      }
    }
  >
    Time elapsed 
    <label
      id="minutes"
    >
      00
    </label>
    :
    <label
      id="seconds"
    >
      00
    </label>
  </div>
  <div
    className="local-participant"
  >
    
  </div>
  <h3>
    Remote Participants
  </h3>
  <div
    className="remote-participants"
  />
</div>
`;
